// Jest Snapshot v1, https://goo.gl/fbAQLP

exports[`TreeItemLabel render 1`] = `
<div
  onContextMenu={[Function]}
  style={
    Object {
      "cursor": "context-menu",
    }
  }
>
  test
</div>
`;
