// Jest Snapshot v1, https://goo.gl/fbAQLP

exports[`Editor render 1`] = `
<div
  id="editor"
  style={
    Object {
      "height": "calc(100vh - 110px)",
      "width": "100%",
    }
  }
/>
`;
